C:\Users\rival\Documents\BeltRunner\assets\player_ship_v2\build_player_ship.py:17: DeprecationWarning: 'Material.use_nodes' is expected to be removed in Blender 6.0
  m=bpy.data.materials.new('source_'+name);m.use_nodes=True;MATS[name]=m
Warning: No mesh data to join
Warning: No mesh data to join
Warning: No mesh data to join
GEOMETRY_READY
Info: Baking map saved to internal image, save it externally or pack it
Info: Baking map saved to internal image, save it externally or pack it
Info: Baking map saved to internal image, save it externally or pack it
Info: Baking map saved to internal image, save it externally or pack it
Info: Baking map saved to internal image, save it externally or pack it
Info: Baking map saved to internal image, save it externally or pack it
Info: Baking map saved to internal image, save it externally or pack it
Info: Baking map saved to internal image, save it externally or pack it
Info: Baking map saved to internal image, save it externally or pack it
Info: Baking map saved to internal image, save it externally or pack it
Info: Baking map saved to internal image, save it externally or pack it
Info: Baking map saved to internal image, save it externally or pack it
Info: Baking map saved to internal image, save it externally or pack it
Info: Baking map saved to internal image, save it externally or pack it
Info: Baking map saved to internal image, save it externally or pack it
Info: Baking map saved to internal image, save it externally or pack it
Info: Baking map saved to internal image, save it externally or pack it
Info: Baking map saved to internal image, save it externally or pack it
Info: Baking map saved to internal image, save it externally or pack it
Info: Baking map saved to internal image, save it externally or pack it
Info: Baking map saved to internal image, save it externally or pack it
Info: Baking map saved to internal image, save it externally or pack it
Info: Baking map saved to internal image, save it externally or pack it
Info: Baking map saved to internal image, save it externally or pack it
Info: Baking map saved to internal image, save it externally or pack it
Info: Baking map saved to internal image, save it externally or pack it
BAKED basecolor
Info: Baking map saved to internal image, save it externally or pack it
Info: Baking map saved to internal image, save it externally or pack it
Info: Baking map saved to internal image, save it externally or pack it
Info: Baking map saved to internal image, save it externally or pack it
Info: Baking map saved to internal image, save it externally or pack it
Info: Baking map saved to internal image, save it externally or pack it
Info: Baking map saved to internal image, save it externally or pack it
Info: Baking map saved to internal image, save it externally or pack it
Info: Baking map saved to internal image, save it externally or pack it
Info: Baking map saved to internal image, save it externally or pack it
Info: Baking map saved to internal image, save it externally or pack it
Info: Baking map saved to internal image, save it externally or pack it
Info: Baking map saved to internal image, save it externally or pack it
Info: Baking map saved to internal image, save it externally or pack it
Info: Baking map saved to internal image, save it externally or pack it
Info: Baking map saved to internal image, save it externally or pack it
Info: Baking map saved to internal image, save it externally or pack it
Info: Baking map saved to internal image, save it externally or pack it
Info: Baking map saved to internal image, save it externally or pack it
Info: Baking map saved to internal image, save it externally or pack it
Info: Baking map saved to internal image, save it externally or pack it
Info: Baking map saved to internal image, save it externally or pack it
Info: Baking map saved to internal image, save it externally or pack it
Info: Baking map saved to internal image, save it externally or pack it
Info: Baking map saved to internal image, save it externally or pack it
Info: Baking map saved to internal image, save it externally or pack it
BAKED metallic_roughness
Info: Baking map saved to internal image, save it externally or pack it
Info: Baking map saved to internal image, save it externally or pack it
Info: Baking map saved to internal image, save it externally or pack it
Info: Baking map saved to internal image, save it externally or pack it
Info: Baking map saved to internal image, save it externally or pack it
Info: Baking map saved to internal image, save it externally or pack it
Info: Baking map saved to internal image, save it externally or pack it
Info: Baking map saved to internal image, save it externally or pack it
Info: Baking map saved to internal image, save it externally or pack it
Info: Baking map saved to internal image, save it externally or pack it
Info: Baking map saved to internal image, save it externally or pack it
Info: Baking map saved to internal image, save it externally or pack it
Info: Baking map saved to internal image, save it externally or pack it
Info: Baking map saved to internal image, save it externally or pack it
Info: Baking map saved to internal image, save it externally or pack it
Info: Baking map saved to internal image, save it externally or pack it
Info: Baking map saved to internal image, save it externally or pack it
Info: Baking map saved to internal image, save it externally or pack it
Info: Baking map saved to internal image, save it externally or pack it
Info: Baking map saved to internal image, save it externally or pack it
Info: Baking map saved to internal image, save it externally or pack it
Info: Baking map saved to internal image, save it externally or pack it
Info: Baking map saved to internal image, save it externally or pack it
Info: Baking map saved to internal image, save it externally or pack it
Info: Baking map saved to internal image, save it externally or pack it
Info: Baking map saved to internal image, save it externally or pack it
BAKED emissive
C:\Users\rival\Documents\BeltRunner\assets\player_ship_v2\build_player_ship.py:318: DeprecationWarning: 'Material.use_nodes' is expected to be removed in Blender 6.0
  m=bpy.data.materials.new(kind);m.use_nodes=True;nt=m.node_tree;bs=nt.nodes.get('Principled BSDF')
Info: Baking map saved to internal image, save it externally or pack it
Info: Baking map saved to internal image, save it externally or pack it
Info: Baking map saved to internal image, save it externally or pack it
Info: Baking map saved to internal image, save it externally or pack it
Info: Baking map saved to internal image, save it externally or pack it
Info: Baking map saved to internal image, save it externally or pack it
Info: Baking map saved to internal image, save it externally or pack it
Info: Baking map saved to internal image, save it externally or pack it
Info: Baking map saved to internal image, save it externally or pack it
Info: Baking map saved to internal image, save it externally or pack it
Info: Baking map saved to internal image, save it externally or pack it
Info: Baking map saved to internal image, save it externally or pack it
Info: Baking map saved to internal image, save it externally or pack it
Info: Baking map saved to internal image, save it externally or pack it
Info: Baking map saved to internal image, save it externally or pack it
Info: Baking map saved to internal image, save it externally or pack it
Info: Baking map saved to internal image, save it externally or pack it
Info: Baking map saved to internal image, save it externally or pack it
Info: Baking map saved to internal image, save it externally or pack it
Info: Baking map saved to internal image, save it externally or pack it
Info: Baking map saved to internal image, save it externally or pack it
Info: Baking map saved to internal image, save it externally or pack it
Info: Baking map saved to internal image, save it externally or pack it
Info: Baking map saved to internal image, save it externally or pack it
Info: Baking map saved to internal image, save it externally or pack it
Info: Baking map saved to internal image, save it externally or pack it
TRIANGLE_COUNTS {"hull": 1828, "hull_trim": 4408, "canopy": 896, "cockpit_frame": 1184, "cockpit": 1524, "emissive": 1172, "engine_core": 1472, "engine_nacelle_1": 4288, "engine_nacelle_2": 4504, "engine_nacelle_3": 4736, "wings_delta": 1284, "wings_swept": 1300, "wings_forward": 1276, "wings_twin": 856, "cargo_pod_1": 1784, "cargo_pod_2": 1800, "cargo_pod_3": 1816, "dish_base": 192, "dish_yoke": 228, "mining_dish": 1268, "laser_barrel_1": 480, "laser_barrel_2": 480, "laser_barrel_3": 480, "scanner_dish_1": 672, "scanner_dish_2": 672, "scanner_dish_3": 672}
INFO Draco is available, use library at C:\Program Files\Blender Foundation\Blender 5.2\5.2\scripts\addons_core\io_scene_gltf2\bf_intern_draco_bridge.dll
INFO MeshOptimizer is available, use library at C:\Program Files\Blender Foundation\Blender 5.2\5.2\scripts\addons_core\io_scene_gltf2\bf_intern_meshopt_bridge.dll
06:05:07 | INFO: Starting glTF 2.0 export
06:05:07 | INFO: Extracting primitive: canopy
06:05:07 | WARNING: More than one shader node tex image used for a texture. The resulting glTF sampler will behave like the first shader node tex image.
06:05:07 | INFO: Primitives created: 1
06:05:07 | INFO: Extracting primitive: cargo_pod_1
06:05:07 | WARNING: More than one shader node tex image used for a texture. The resulting glTF sampler will behave like the first shader node tex image.
06:05:07 | WARNING: More than one shader node tex image used for a texture. The resulting glTF sampler will behave like the first shader node tex image.
06:05:07 | INFO: Primitives created: 2
06:05:07 | INFO: Extracting primitive: cargo_pod_2
06:05:07 | INFO: Primitives created: 2
06:05:07 | INFO: Extracting primitive: cargo_pod_3
06:05:07 | INFO: Primitives created: 2
06:05:07 | INFO: Extracting primitive: cockpit
06:05:07 | INFO: Primitives created: 1
06:05:07 | INFO: Extracting primitive: Cylinder
06:05:07 | INFO: Primitives created: 1
06:05:07 | INFO: Extracting primitive: dish_base
06:05:07 | INFO: Primitives created: 1
06:05:07 | INFO: Extracting primitive: emissive
06:05:07 | WARNING: More than one shader node tex image used for a texture. The resulting glTF sampler will behave like the first shader node tex image.
06:05:07 | INFO: Primitives created: 1
06:05:07 | INFO: Extracting primitive: engine_core
06:05:07 | INFO: Primitives created: 1
06:05:07 | INFO: Extracting primitive: engine_nacelle_1
06:05:07 | INFO: Primitives created: 2
06:05:07 | INFO: Extracting primitive: engine_nacelle_2
06:05:07 | INFO: Primitives created: 2
06:05:07 | INFO: Extracting primitive: engine_nacelle_3
06:05:07 | INFO: Primitives created: 2
06:05:07 | INFO: Extracting primitive: hull
06:05:07 | INFO: Primitives created: 2
06:05:07 | INFO: Extracting primitive: hull_trim
06:05:07 | INFO: Primitives created: 1
06:05:07 | INFO: Extracting primitive: laser_barrel_2
06:05:07 | INFO: Primitives created: 2
06:05:07 | INFO: Extracting primitive: laser_barrel_3
06:05:07 | INFO: Primitives created: 2
06:05:07 | INFO: Extracting primitive: dish_yoke
06:05:07 | INFO: Primitives created: 1
06:05:07 | INFO: Extracting primitive: laser_barrel_1
06:05:07 | INFO: Primitives created: 2
06:05:07 | INFO: Extracting primitive: mining_dish
06:05:07 | INFO: Primitives created: 1
06:05:07 | INFO: Extracting primitive: scanner_dish_1
06:05:07 | INFO: Primitives created: 2
06:05:07 | INFO: Extracting primitive: scanner_dish_2
06:05:07 | INFO: Primitives created: 2
06:05:07 | INFO: Extracting primitive: scanner_dish_3
06:05:07 | INFO: Primitives created: 2
06:05:07 | INFO: Extracting primitive: wings_delta
06:05:07 | INFO: Primitives created: 3
06:05:07 | INFO: Extracting primitive: wings_forward
06:05:07 | INFO: Primitives created: 3
06:05:07 | INFO: Extracting primitive: wings_swept
06:05:07 | INFO: Primitives created: 3
06:05:07 | INFO: Extracting primitive: wings_twin
06:05:07 | INFO: Primitives created: 3
06:05:07 | INFO: Finished glTF 2.0 export in 0.17162609100341797 s
C:\Users\rival\Documents\BeltRunner\assets\player_ship_v2\build_player_ship.py:384: DeprecationWarning: 'World.use_nodes' is expected to be removed in Blender 6.0
  scene.world.use_nodes=True;bg=scene.world.node_tree.nodes.get('Background');bg.inputs['Color'].default_value=(.14,.18,.25,1);bg.inputs['Strength'].default_value=.4
01:16.687  render           | Saved: 'C:\Users\rival\Documents\BeltRunner\assets\player_ship_v2\previews\preview_front.png'
01:23.750  render           | Saved: 'C:\Users\rival\Documents\BeltRunner\assets\player_ship_v2\previews\preview_rear.png'
01:32.047  render           | Saved: 'C:\Users\rival\Documents\BeltRunner\assets\player_ship_v2\previews\wings_delta.png'
01:40.172  render           | Saved: 'C:\Users\rival\Documents\BeltRunner\assets\player_ship_v2\previews\wings_swept.png'
01:48.875  render           | Saved: 'C:\Users\rival\Documents\BeltRunner\assets\player_ship_v2\previews\wings_forward.png'
01:57.156  render           | Saved: 'C:\Users\rival\Documents\BeltRunner\assets\player_ship_v2\previews\wings_twin.png'
02:04.734  render           | Saved: 'C:\Users\rival\Documents\BeltRunner\assets\player_ship_v2\previews\preview_level_3.png'

Info: Saved as "player_ship.blend"
PLAYER_SHIP_V2_COMPLETE {"triangles_by_mesh": {"hull": 1828, "hull_trim": 4408, "canopy": 896, "cockpit_frame": 1184, "cockpit": 1524, "emissive": 1172, "engine_core": 1472, "engine_nacelle_1": 4288, "engine_nacelle_2": 4504, "engine_nacelle_3": 4736, "wings_delta": 1284, "wings_swept": 1300, "wings_forward": 1276, "wings_twin": 856, "cargo_pod_1": 1784, "cargo_pod_2": 1800, "cargo_pod_3": 1816, "dish_base": 192, "dish_yoke": 228, "mining_dish": 1268, "laser_barrel_1": 480, "laser_barrel_2": 480, "laser_barrel_3": 480, "scanner_dish_1": 672, "scanner_dish_2": 672, "scanner_dish_3": 672}, "triangles_all_components": 41272, "assembled_triangle_counts": {"delta_level_1": 22680, "delta_level_2": 22912, "delta_level_3": 23160, "swept_level_1": 22696, "swept_level_2": 22928, "swept_level_3": 23176, "forward_level_1": 22672, "forward_level_2": 22904, "forward_level_3": 23152, "twin_level_1": 22252, "twin_level_2": 22484, "twin_level_3": 22732}, "max_radius": 14.371443847638922, "forward": "+Z", "up": "+Y", "dimensions_approx": [24.2, 10.3, 25.3], "default_components": ["hull", "hull_trim", "canopy", "cockpit_frame", "cockpit", "emissive", "engine_core", "engine_nacelle_1", "wings_delta", "cargo_pod_1", "dish_base", "dish_yoke", "mining_dish", "laser_barrel_1", "scanner_dish_1"], "optional_components": ["engine_nacelle_2", "engine_nacelle_3", "wings_swept", "wings_forward", "wings_twin", "cargo_pod_2", "cargo_pod_3", "laser_barrel_2", "laser_barrel_3", "scanner_dish_2", "scanner_dish_3"], "attachments": {"dish_mount": [0.0, -3.4000000953674316, 7.0], "engine_l": [4.550000190734863, 1.4500000476837158, -12.869999885559082], "engine_r": [-4.550000190734863, 1.4500000476837158, -12.869999885559082], "nav_l": [12.039999961853027, 0.2199999988079071, -4.849999904632568], "nav_r": [-12.039999961853027, 0.2199999988079071, -4.849999904632568]}, "textures": "4096 basecolor; 2048 normal, metallic_roughness and emissive; Blender baked ImageGen atlas", "map_sizes": {"basecolor": [4096, 4096], "metallic_roughness": [2048, 2048], "normal": [2048, 2048], "emissive": [2048, 2048]}}
Blender 5.2.1 LTS (hash 9e2066aef7ef built 2026-08-25 02:38:20)

Blender quit
